// Jest Snapshot v1, https://goo.gl/fbAQLP

exports[`Should render correctly the TodoInputArea component 1`] = `
<div
  className="todo-input-area-box"
>
  <TodoForm
    buttonText="Add todo"
    onSubmit={[Function]}
    placeholder="ex: Go for a run"
  />
</div>
`;
