// Jest Snapshot v1, https://goo.gl/fbAQLP

exports[`Should render correctly the LoadingPage component 1`] = `
<div
  className="lds-heart"
>
  <div />
</div>
`;
